// Jest Snapshot v1, https://goo.gl/fbAQLP

exports[`LicensingBanner #render renders banner renders with expired breach message 1`] = `ShallowWrapper {}`;

exports[`LicensingBanner #render renders banner renders with node capacity and expired breach message 1`] = `ShallowWrapper {}`;

exports[`LicensingBanner #render renders banner renders with node capacity breach message 1`] = `ShallowWrapper {}`;
