// Jest Snapshot v1, https://goo.gl/fbAQLP

exports[`PlacementConstraintsSchemaField with invalid content displays form to edit constraints 1`] = `
<div>
  <label
    className=""
  >
    label
  </label>
  <pre>
    {
  "placement_constraints": "['hostname', 'MAX_PER', '2']"
}
  </pre>
  <p
    className="form-control-feedback"
  >
    <span
      className={undefined}
    >
      Unable to edit {0}
    </span>
  </p>
</div>
`;

exports[`PlacementConstraintsSchemaField with valid content displays edit constraints area 1`] = `
<div
  className="pod flush-left flush-right flush-top"
>
  <h2>
    <span
      className={undefined}
    >
      Placement Constraints
    </span>
     
    
    <div
      className="tooltip-wrapper text-align-center"
      onMouseEnter={[Function]}
      onMouseLeave={[Function]}
    >
      <svg
        className="icon icon-grey icon-mini"
      >
        <use
          xlinkHref="#icon-system--circle-question"
        />
      </svg>
    </div>
  </h2>
  <div
    onChange={[Function]}
  >
    <div>
      <div
        className="form-row row"
      >
        <div
          className="form-group column-12"
        >
          <a
            className="button button-primary-link button-flush"
            onClick={[Function]}
          >
            <svg
              className="icon icon-purple icon-tiny"
            >
              <use
                xlinkHref="#icon-system--plus"
              />
            </svg>
            <span>
              <span
                className={undefined}
              >
                Add Placement Constraint
              </span>
            </span>
          </a>
        </div>
      </div>
    </div>
  </div>
  <p
    className="form-control-feedback"
  />
</div>
`;
