// Jest Snapshot v1, https://goo.gl/fbAQLP

exports[`SplitPanel renders SidePanel and PrimaryPanel with className passed 1`] = `ShallowWrapper {}`;

exports[`SplitPanel renders default 1`] = `ShallowWrapper {}`;

exports[`SplitPanel renders with SidePanel isActive prop set to true 1`] = `ShallowWrapper {}`;
