// Jest Snapshot v1, https://goo.gl/fbAQLP

exports[`Schedule renders the schedule 1`] = `
<div
  className="breadcrumb__content breadcrumb__content--supplemental"
>
  <div
    className="tooltip-wrapper text-align-center"
    onMouseEnter={[Function]}
    onMouseLeave={[Function]}
  >
    <svg
      aria-label="system-repeat icon"
      className="css-1vunjz0"
      height={16}
      preserveAspectRatio="xMinYMin meet"
      role="img"
      viewBox="0 0 16 16"
      width={16}
    >
      <use
        xlinkHref="#system-repeat"
      />
    </svg>
  </div>
</div>
`;
