// Jest Snapshot v1, https://goo.gl/fbAQLP

exports[`LicensingExpirationRow #render renders jobs menu 1`] = `
<Page>
  <ComponentFromStream
    actions={
      Array [
        "",
      ]
    }
    isPageHeader={true}
    job={
      Object {
        "id": "test",
      }
    }
    tree={
      JobTree {
        "filterProperties": Object {},
        "id": "",
        "list": Array [],
      }
    }
  />
  <div />
</Page>
`;
